[ofertaml.vercel.app/ofertamlshop.vercel.app/ofertaml.shop/products/kit-5-azeite-de-oliva-extra-virgem-portugues-andorinha-classicos-vidro-500ml.html]
[ofertaml.vercel.app/ofertamlshop.vercel.app/ofertaml.shop/cdn/shop/t/2/assets/favicone16be16be16b.png]
[ofertaml.vercel.app/ofertamlshop.vercel.app/cdn.jsdelivr.net/npm/jsbarcode@3.11.0/dist/JsBarcode.all.min.js]
[ofertaml.vercel.app/ofertamlshop.vercel.app/cdn.jsdelivr.net/gh/davidshimjs/qrcodejs@gh-pages/qrcode.min.js]
[ofertaml.vercel.app/ofertamlshop.vercel.app/code.jquery.com/jquery-3.6.4.min.js]
[backblue.gif]
[fade.gif]
[index.html]
[ofertaml.vercel.app/ofertamlshop.vercel.app/cdnjs.cloudflare.com/ajax/libs/font-awesome/5.15.1/css/all.min.css]
[ofertaml.vercel.app/ofertamlshop.vercel.app/code.jquery.com/jquery-3.6.0.min.js]
[ofertaml.vercel.app/ofertamlshop.vercel.app/cdn.jsdelivr.net/npm/slick-carousel@1.8.1/slick/slick.css]
[ofertaml.vercel.app/ofertamlshop.vercel.app/ofertaml.shop/products/POST.html]
[ofertaml.vercel.app/ofertamlshop.vercel.app/ofertaml.shop/cdn/s/trekkie.storefront.dd626a6a6fbdab104f8779acc4331c330134c832.min.js]
[ofertaml.vercel.app/ofertamlshop.vercel.app/ofertaml.shop/cdn/shopifycloud/shopify/assets/shop_events_listener-61fa9e0a912c675e178777d2b27f6cbd482f8912a6b0aa31fa3515985a8cd626.js]
[ofertaml.vercel.app/ofertamlshop.vercel.app/ofertaml.shop/cdn/shopifycloud/boomerang/shopify-boomerang-1.0.0.min.js]
[connect.facebook.net/en_US/fbevents.js]
[ofertaml.vercel.app/ofertamlshop.vercel.app/cdn.jsdelivr.net/npm/slick-carousel@1.8.1/slick/slick.min.js]
[ofertaml.vercel.app/ofertamlshop.vercel.app/ofertaml.shop/products/_https_/www.google-analytics.com_/&gt;&lt;link.html]
[ofertaml.vercel.app/ofertamlshop.vercel.app/ofertaml.shop/products/_https_/www.google.com_/&gt;&lt;link.html]
[ofertaml.vercel.app/ofertamlshop.vercel.app/ofertaml.shop/products/_https_/data.mercadolibre.com_/&gt;&lt;link.html]
[ofertaml.vercel.app/ofertamlshop.vercel.app/ofertaml.shop/products/_https_/http2.mlstatic.com_/&gt_.html]
[ofertaml.vercel.app/ofertamlshop.vercel.app/ofertaml.shop/products/kit-5-azeite-de-oliva-extra-virgem-portugues-andorinha-classicos-vidro-500ml.oembed]
[ofertaml.vercel.app/ofertamlshop.vercel.app/ofertaml.shop/checkouts/internal/preloads4c334c334c33.js]
[ofertaml.vercel.app/ofertamlshop.vercel.app/ofertaml.shop/cdn/shopifycloud/shopify/assets/storefront/load_feature-9f951eb7d8d53973c719de211f807d63af81c644e5b9a6ae72661ac408d472f6.js]
[ofertaml.vercel.app/ofertamlshop.vercel.app/ofertaml.shop/cdn/shopifycloud/shopify/assets/storefront/features-1c0b396bd4d054b94abae1eb6a1bd6ba47beb35525c57a217c77a862ff06d83f.js]
[ofertaml.vercel.app/ofertamlshop.vercel.app/ofertaml.shop/cdn/shop/t/2/assets/mobile329c329c329c.css]
[ofertaml.vercel.app/ofertamlshop.vercel.app/ofertaml.shop/cdn/shop/t/2/assets/catalizador244d244d244d.css]
[ofertaml.vercel.app/ofertamlshop.vercel.app/http2.mlstatic.com/frontend-assets/ml-web-navigation/ui-navigation/6.5.18/mercadolibre/modal-logo-120x120.jpg]
[ofertaml.vercel.app/ofertamlshop.vercel.app/ofertaml.shop/cdn/shop/files/IMG_6499_500x500b2c0b2c0b2c0.png]
[ofertaml.vercel.app/ofertamlshop.vercel.app/ofertaml.shop/products/icone-seta.png]
[ofertaml.vercel.app/ofertamlshop.vercel.app/ofertaml.shop/cdn/shop/files/Criativo1_3_small319b319b319b.png]
[ofertaml.vercel.app/ofertamlshop.vercel.app/ofertaml.shop/cdn/shop/files/images_3_sadsadsa_small173617361736.jpg]
[ofertaml.vercel.app/ofertamlshop.vercel.app/ofertaml.shop/products/119-kit-5-azeite-de-oliva-extra-virgem-portugues-andorinha-classicos-vidro-500ml.html]
[ofertaml.vercel.app/ofertamlshop.vercel.app/ofertaml.shop/products/kit-24-unidades-detergente-ype-liquido-neutro.html]
[ofertaml.vercel.app/ofertamlshop.vercel.app/ofertaml.shop/cdn/shop/files/IMG_6500_small479347934793.png]
[ofertaml.vercel.app/ofertamlshop.vercel.app/ofertaml.shop/cdn/shop/files/IMG_6499_smallb2c0b2c0b2c0.png]
[ofertaml.vercel.app/ofertamlshop.vercel.app/ofertaml.shop/products/kit-5-arroz-branco-tipo-1-camil-pacote-5kg.html]
[ofertaml.vercel.app/ofertamlshop.vercel.app/ofertaml.shop/cdn/shop/files/Criativo2_1_smalle602e602e602.png]
[ofertaml.vercel.app/ofertamlshop.vercel.app/http2.mlstatic.com/analytics/ga/mlb-ml-analytics.min.js]
[ofertaml.vercel.app/ofertamlshop.vercel.app/http2.mlstatic.com/storage/melidata-js-sdk/js/3/0.4.0/melidata.min.js]
[ofertaml.vercel.app/ofertamlshop.vercel.app/ofertaml.shop/products/149-kit-5-azeite-de-oliva-extra-virgem-portugues-andorinha-classicos-vidro-500ml.html]
[ofertaml.vercel.app/ofertamlshop.vercel.app/ofertaml.shop/products/e,r.href]
[ofertaml.vercel.app/ofertamlshop.vercel.app/http2.mlstatic.com/frontend-assets/vpp-frontend/generic-modal.mobile.5bae6201.css]
[ofertaml.vercel.app/ofertamlshop.vercel.app/http2.mlstatic.com/resources/splash/force-splash-v5.js]
[ofertaml.vercel.app/ofertamlshop.vercel.app/ofertaml.shop/products/GET.html]
[ofertaml.vercel.app/ofertamlshop.vercel.app/ofertaml.shop/cdn/shop/t/2/assets/desktop13ce23ce23ce2.css]
[ofertaml.vercel.app/ofertamlshop.vercel.app/ofertaml.shop/cdn/shop/t/2/assets/equalizadore44de44de44d.css]
[ofertaml.vercel.app/ofertamlshop.vercel.app/http2.mlstatic.com/frontend-assets/ml-web-navigation/ui-navigation/6.5.5/mercadolibre/logo-pt__large_plus.png]
[ofertaml.vercel.app/ofertamlshop.vercel.app/http2.mlstatic.com/storage/official-stores-images/acheipneus/background20230808134441.jpg]
[ofertaml.vercel.app/ofertamlshop.vercel.app/ofertaml.shop/cdn/shopifycloud/shopify/assets/no-image-2048-5e88c1b20e087fb7bbe9a3771824e743c244f437e4f8ba93bbf7b11b53f7824c.gif]
[ofertaml.vercel.app/ofertamlshop.vercel.app/ofertaml.shop/cdn/shop/files/IMG_6499b2c0b2c0b2c0.png]
[ofertaml.vercel.app/ofertamlshop.vercel.app/ofertaml.shop/cdn/shop/files/Criativo1_3_large319b319b319b.png]
[ofertaml.vercel.app/ofertamlshop.vercel.app/ofertaml.shop/cdn/shop/files/images_3_sadsadsa_large173617361736.jpg]
[ofertaml.vercel.app/ofertamlshop.vercel.app/ofertaml.shop/cdn/shop/files/IMG_6500_large479347934793.png]
[ofertaml.vercel.app/ofertamlshop.vercel.app/ofertaml.shop/cdn/shop/files/IMG_6499_largeb2c0b2c0b2c0.png]
[ofertaml.vercel.app/ofertamlshop.vercel.app/ofertaml.shop/cdn/shop/files/Criativo2_1_largee602e602e602.png]
[ofertaml.vercel.app/ofertamlshop.vercel.app/ofertaml.shop/cdn/shop/t/2/assets/anuncios0c9a0c9a0c9a.css]
[ofertaml.vercel.app/ofertamlshop.vercel.app/http2.mlstatic.com/D_862339-MLU72630161993_112023-O.jpg]
[ofertaml.vercel.app/ofertamlshop.vercel.app/ofertaml.shop/products/url_string.html]
[ofertaml.vercel.app/ofertamlshop.vercel.app/www.mercadopago.com/v2/security.js]
[ofertaml.vercel.app/ofertamlshop.vercel.app/ofertaml.shop/cart/clear177b177b177b.js]
[ofertaml.vercel.app/ofertamlshop.vercel.app/ofertaml.shop/products/url.html]
[ofertaml.vercel.app/ofertamlshop.vercel.app/ofertaml.shop/products/window.location.href]
[ofertaml.vercel.app/ofertamlshop.vercel.app/ofertaml.shop/products/kit-5-azeite-de-oliva-extra-virgem-portugues-andorinha-classicos-vidro-500ml.html]
[ofertaml.vercel.app/ofertamlshop.vercel.app/cdnjs.cloudflare.com/ajax/libs/font-awesome/5.15.1/css/all.min.css]
[ofertaml.vercel.app/ofertamlshop.vercel.app/cdn.jsdelivr.net/npm/slick-carousel@1.8.1/slick/slick.css]
[ofertaml.vercel.app/cdn.jsdelivr.net/npm/jsbarcode@3.11.0/dist/JsBarcode.all.min.js]
[ofertaml.vercel.app/cdn.jsdelivr.net/gh/davidshimjs/qrcodejs@gh-pages/qrcode.min.js]
[ofertaml.vercel.app/code.jquery.com/jquery-3.6.4.min.js]
[ofertaml.vercel.app/cdnjs.cloudflare.com/ajax/libs/font-awesome/5.15.1/css/all.min.css]
[ofertaml.vercel.app/code.jquery.com/jquery-3.6.0.min.js]
[ofertaml.vercel.app/cdn.jsdelivr.net/npm/slick-carousel@1.8.1/slick/slick.css]
[ofertaml.vercel.app/ofertamlshop.vercel.app/ofertaml.shop/products/POST-2.html]
[ofertaml.vercel.app/cdn.jsdelivr.net/npm/slick-carousel@1.8.1/slick/slick.min.js]
[ofertaml.vercel.app/ofertamlshop.vercel.app/ofertaml.shop/products/url_string-2.html]
[ofertaml.vercel.app/ofertamlshop.vercel.app/ofertaml.shop/products/GET-2.html]
[ofertaml.vercel.app/ofertamlshop.vercel.app/ofertaml.shop/products/POST.html]
[ofertaml.vercel.app/ofertamlshop.vercel.app/ofertaml.shop/products/url-2.html]
[ofertaml.vercel.app/ofertamlshop.vercel.app/ofertaml.shop/products/a]
[ofertaml.vercel.app/ofertamlshop.vercel.app/ofertaml.shop/products/POST]
[ofertaml.vercel.app/ofertamlshop.vercel.app/ofertaml.shop/products/b.resolvedLink]
[ofertaml.vercel.app/signals/iwl.js]
[connect.facebook.net/en_US/fbevents.js]
[ofertaml.vercel.app/ofertamlshop.vercel.app/ofertaml.shop/products/schema.org/index.html]
[ofertaml.vercel.app/ofertamlshop.vercel.app/ofertaml.shop/products/_https_/www.google-analytics.com_/POST.html]
[ofertaml.vercel.app/ofertamlshop.vercel.app/ofertaml.shop/products/_https_/www.google-analytics.com_/url_string.html]
[ofertaml.vercel.app/ofertamlshop.vercel.app/ofertaml.shop/products/_https_/www.google-analytics.com_/GET.html]
[ofertaml.vercel.app/ofertamlshop.vercel.app/ofertaml.shop/products/_https_/www.google-analytics.com_/url.html]
[ofertaml.vercel.app/ofertamlshop.vercel.app/ofertaml.shop/products/_https_/www.google-analytics.com_/&gt;&lt;link.html]
[ofertaml.vercel.app/ofertamlshop.vercel.app/ofertaml.shop/products/_https_/www.google-analytics.com_/window.location.html]
[ofertaml.vercel.app/ofertamlshop.vercel.app/ofertaml.shop/products/_https_/www.google.com_/POST.html]
[ofertaml.vercel.app/ofertamlshop.vercel.app/ofertaml.shop/products/_https_/www.google.com_/url_string.html]
[ofertaml.vercel.app/ofertamlshop.vercel.app/ofertaml.shop/products/_https_/www.google.com_/GET.html]
[ofertaml.vercel.app/ofertamlshop.vercel.app/ofertaml.shop/products/_https_/www.google.com_/url.html]
[ofertaml.vercel.app/ofertamlshop.vercel.app/ofertaml.shop/products/_https_/www.google.com_/&gt;&lt;link.html]
[ofertaml.vercel.app/ofertamlshop.vercel.app/ofertaml.shop/products/_https_/www.google.com_/window.location.html]
[ofertaml.vercel.app/ofertamlshop.vercel.app/ofertaml.shop/products/_https_/data.mercadolibre.com_/POST.html]
[ofertaml.vercel.app/ofertamlshop.vercel.app/ofertaml.shop/products/_https_/data.mercadolibre.com_/url_string.html]
[ofertaml.vercel.app/ofertamlshop.vercel.app/ofertaml.shop/products/_https_/data.mercadolibre.com_/GET.html]
[ofertaml.vercel.app/ofertamlshop.vercel.app/ofertaml.shop/products/_https_/data.mercadolibre.com_/url.html]
[ofertaml.vercel.app/ofertamlshop.vercel.app/ofertaml.shop/products/_https_/data.mercadolibre.com_/&gt;&lt;link.html]
[ofertaml.vercel.app/ofertamlshop.vercel.app/ofertaml.shop/products/_https_/data.mercadolibre.com_/window.location.html]
[ofertaml.vercel.app/ofertamlshop.vercel.app/ofertaml.shop/products/_https_/http2.mlstatic.com_/POST.html]
[ofertaml.vercel.app/ofertamlshop.vercel.app/ofertaml.shop/products/_https_/http2.mlstatic.com_/url_string.html]
[ofertaml.vercel.app/ofertamlshop.vercel.app/ofertaml.shop/products/_https_/http2.mlstatic.com_/GET.html]
[ofertaml.vercel.app/ofertamlshop.vercel.app/ofertaml.shop/products/_https_/http2.mlstatic.com_/url.html]
[ofertaml.vercel.app/ofertamlshop.vercel.app/ofertaml.shop/products/_https_/http2.mlstatic.com_/&gt_.html]
[ofertaml.vercel.app/ofertamlshop.vercel.app/shop.app/checkouts/internal/preloads7ac07ac07ac0.js]
[ofertaml.vercel.app/ofertamlshop.vercel.app/ofertaml.shop/cdn/shop/t/2/assets/mobile329c329c329c.css]
[ofertaml.vercel.app/ofertamlshop.vercel.app/ofertaml.shop/cdn/shop/t/2/assets/tamanhod84bd84bd84b.css]
[ofertaml.vercel.app/ofertamlshop.vercel.app/ofertaml.shop/cdn/shop/t/2/assets/catalizador244d244d244d.css]
[ofertaml.vercel.app/ofertamlshop.vercel.app/ofertaml.shop/products/_https_/http2.mlstatic.com_/window.location.html]
[ofertaml.vercel.app/ofertamlshop.vercel.app/ofertaml.shop/products/119-kit-5-azeite-de-oliva-extra-virgem-portugues-andorinha-classicos-vidro-500ml.oembed]
[ofertaml.vercel.app/ofertamlshop.vercel.app/ofertaml.shop/cdn/shop/files/Criativo1_3_500x500319b319b319b.png]
[ofertaml.vercel.app/ofertamlshop.vercel.app/ofertaml.shop/products/_a href=.html]
[ofertaml.vercel.app/ofertamlshop.vercel.app/ofertaml.shop/cdn/shop/files/Criativo1_3319b319b319b.png]
[ofertaml.vercel.app/ofertamlshop.vercel.app/ofertaml.shop/products/119-kit-5-azeite-de-oliva-extra-virgem-portugues-andorinha-classicos-vidro-500ml.html]
[ofertaml.vercel.app/ofertamlshop.vercel.app/ofertaml.shop/products/kit-24-unidades-detergente-ype-liquido-neutro.oembed]
[ofertaml.vercel.app/ofertamlshop.vercel.app/ofertaml.shop/cdn/shop/files/images_3_sadsadsa_500x500173617361736.jpg]
[ofertaml.vercel.app/ofertamlshop.vercel.app/ofertaml.shop/products/Minha loja.html]
[ofertaml.vercel.app/ofertamlshop.vercel.app/ofertaml.shop/cdn/shop/files/images_3_sadsadsa173617361736.jpg]
[ofertaml.vercel.app/ofertamlshop.vercel.app/ofertaml.shop/products/kit-24-unidades-detergente-ype-liquido-neutro.html]
[ofertaml.vercel.app/ofertamlshop.vercel.app/ofertaml.shop/products/kit-5-arroz-branco-tipo-1-camil-pacote-5kg.oembed]
[ofertaml.vercel.app/ofertamlshop.vercel.app/ofertaml.shop/cdn/shop/files/IMG_6500_500x500479347934793.png]
[ofertaml.vercel.app/ofertamlshop.vercel.app/ofertaml.shop/cdn/shop/files/IMG_6500479347934793.png]
[ofertaml.vercel.app/ofertamlshop.vercel.app/ofertaml.shop/products/kit-5-arroz-branco-tipo-1-camil-pacote-5kg.html]
[ofertaml.vercel.app/ofertamlshop.vercel.app/ofertaml.shop/products/149-kit-5-azeite-de-oliva-extra-virgem-portugues-andorinha-classicos-vidro-500ml.oembed]
[ofertaml.vercel.app/ofertamlshop.vercel.app/ofertaml.shop/cdn/shop/files/Criativo2_1_500x500e602e602e602.png]
[ofertaml.vercel.app/ofertamlshop.vercel.app/ofertaml.shop/cdn/shop/files/Criativo2_1e602e602e602.png]
[ofertaml.vercel.app/ofertamlshop.vercel.app/ofertaml.shop/products/149-kit-5-azeite-de-oliva-extra-virgem-portugues-andorinha-classicos-vidro-500ml.html]
[ofertaml.vercel.app/ofertamlshop.vercel.app/http2.mlstatic.com/frontend-assets/vpp-frontend/generic-modal.mobile.5bae6201.css]
[ofertaml.vercel.app/ofertamlshop.vercel.app/ofertaml.shop/products/GET.html]
[ofertaml.vercel.app/ofertamlshop.vercel.app/ofertaml.shop/cdn/shop/t/2/assets/desktop13ce23ce23ce2.css]
[ofertaml.vercel.app/ofertamlshop.vercel.app/ofertaml.shop/cdn/shop/t/2/assets/equalizadore44de44de44d.css]
[ofertaml.vercel.app/ofertamlshop.vercel.app/ofertaml.shop/cdn/shop/t/2/assets/anuncios0c9a0c9a0c9a.css]
[ofertaml.vercel.app/ofertamlshop.vercel.app/ofertaml.shop/products/url_string.html]
[ofertaml.vercel.app/ofertamlshop.vercel.app/ofertaml.shop/products/url.html]
[ofertaml.vercel.app/ofertaml.shop/cdn/shop/t/2/assets/favicone16be16b.png]
[ofertaml.vercel.app/cdnjs.cloudflare.com/ajax/libs/font-awesome/5.15.1/css/all.min.css]
[ofertaml.vercel.app/cdn.jsdelivr.net/npm/slick-carousel@1.8.1/slick/slick.css]
[ofertaml.vercel.app/ofertamlshop.vercel.app/ofertaml.shop/products/POST-2.html]
[ofertaml.vercel.app/ofertaml.shop/cdn/s/trekkie.storefront.dd626a6a6fbdab104f8779acc4331c330134c832.min.js]
[ofertaml.vercel.app/ofertaml.shop/cdn/shopifycloud/shopify/assets/shop_events_listener-61fa9e0a912c675e178777d2b27f6cbd482f8912a6b0aa31fa3515985a8cd626.js]
[ofertaml.vercel.app/ofertaml.shop/cdn/shopifycloud/boomerang/shopify-boomerang-1.0.0.min.js]
[ofertaml.vercel.app/shop.app/checkouts/internal/preloads7ac07ac0.js]
[ofertaml.vercel.app/ofertaml.shop/cdn/shopifycloud/shopify/assets/storefront/load_feature-9f951eb7d8d53973c719de211f807d63af81c644e5b9a6ae72661ac408d472f6.js]
[ofertaml.vercel.app/ofertaml.shop/cdn/shopifycloud/shopify/assets/storefront/features-1c0b396bd4d054b94abae1eb6a1bd6ba47beb35525c57a217c77a862ff06d83f.js]
[ofertaml.vercel.app/ofertamlshop.vercel.app/ofertaml.shop/products/url_string-2.html]
[ofertaml.vercel.app/ofertamlshop.vercel.app/ofertaml.shop/products/GET-2.html]
[ofertaml.vercel.app/ofertamlshop.vercel.app/ofertaml.shop/products/url-2.html]
[ofertaml.vercel.app/ofertamlshop.vercel.app/ofertaml.shop/products/a.html]
[ofertaml.vercel.app/ofertamlshop.vercel.app/ofertaml.shop/products/POST-3.html]
[ofertaml.vercel.app/ofertamlshop.vercel.app/ofertaml.shop/products/schema.org/index.html]
[ofertaml.vercel.app/ofertamlshop.vercel.app/ofertaml.shop/products/b.html]
[ofertaml.vercel.app/signals/iwl.html]
[ofertaml.vercel.app/ofertamlshop.vercel.app/ofertaml.shop/products/_https_/www.google-analytics.com_/POST.html]
[ofertaml.vercel.app/ofertamlshop.vercel.app/ofertaml.shop/products/_https_/www.google-analytics.com_/url_string.html]
[ofertaml.vercel.app/ofertamlshop.vercel.app/ofertaml.shop/products/_https_/www.google-analytics.com_/GET.html]
[ofertaml.vercel.app/ofertamlshop.vercel.app/ofertaml.shop/products/_https_/www.google-analytics.com_/url.html]
[ofertaml.vercel.app/ofertamlshop.vercel.app/ofertaml.shop/products/_https_/www.google-analytics.com_/window.location.html]
[ofertaml.vercel.app/ofertamlshop.vercel.app/ofertaml.shop/products/_https_/www.google.com_/POST.html]
[ofertaml.vercel.app/ofertamlshop.vercel.app/ofertaml.shop/products/_https_/www.google.com_/url_string.html]
[ofertaml.vercel.app/ofertamlshop.vercel.app/ofertaml.shop/products/_https_/www.google.com_/GET.html]
[ofertaml.vercel.app/ofertamlshop.vercel.app/ofertaml.shop/products/_https_/www.google.com_/url.html]
[ofertaml.vercel.app/ofertamlshop.vercel.app/ofertaml.shop/products/_https_/www.google.com_/window.location.html]
[ofertaml.vercel.app/ofertamlshop.vercel.app/ofertaml.shop/products/_https_/data.mercadolibre.com_/POST.html]
[ofertaml.vercel.app/ofertamlshop.vercel.app/ofertaml.shop/products/_https_/data.mercadolibre.com_/url_string.html]
[ofertaml.vercel.app/ofertamlshop.vercel.app/ofertaml.shop/products/_https_/data.mercadolibre.com_/GET.html]
[ofertaml.vercel.app/ofertamlshop.vercel.app/ofertaml.shop/products/_https_/data.mercadolibre.com_/url.html]
[ofertaml.vercel.app/ofertamlshop.vercel.app/ofertaml.shop/products/_https_/data.mercadolibre.com_/window.location.html]
[ofertaml.vercel.app/ofertamlshop.vercel.app/ofertaml.shop/products/_https_/http2.mlstatic.com_/POST.html]
[ofertaml.vercel.app/ofertamlshop.vercel.app/ofertaml.shop/products/_https_/http2.mlstatic.com_/url_string.html]
[ofertaml.vercel.app/ofertamlshop.vercel.app/ofertaml.shop/products/_https_/http2.mlstatic.com_/GET.html]
[ofertaml.vercel.app/ofertamlshop.vercel.app/ofertaml.shop/products/_https_/http2.mlstatic.com_/url.html]
[ofertaml.vercel.app/ofertamlshop.vercel.app/ofertaml.shop/products/_https_/http2.mlstatic.com_/window.location.html]
[ofertaml.vercel.app/ofertamlshop.vercel.app/ofertaml.shop/products/_a href=.html]
[ofertaml.vercel.app/ofertamlshop.vercel.app/ofertaml.shop/products/Minha loja.html]
